// Jest Snapshot v1, https://goo.gl/fbAQLP

exports[`pattern div component is passing dynamic buttons 1`] = `
"
		<div id="buttons-id">
			<button class="fooClass">foo</button>
			<button class="bazClass">baz</button>}
		</div>"
`;
